
T5455.hs:8:11: warning: [-Wincomplete-uni-patterns]
    Pattern match(es) are non-exhaustive
    In a pattern binding:
        Patterns not matched: p where p is not one of {:}

T5455.hs:13:13: warning: [-Wincomplete-uni-patterns]
    Pattern match(es) are non-exhaustive
    In a pattern binding:
        Patterns not matched: p where p is not one of {:}
